  0%|          | 0/17 [00:00<?, ?it/s]
开始处理场景: 0003d406-5f27-4bbf-94cd-1cff7c310ba1
  6%|▌         | 1/17 [02:07<33:59, 127.45s/it]
开始处理场景: 0018b6c8-c3b6-4fb8-a640-4b9b0b763254
 12%|█▏        | 2/17 [04:59<38:21, 153.44s/it]
开始处理场景: 00321452-517d-431b-a21b-f52750684910
 18%|█▊        | 3/17 [07:26<35:06, 150.47s/it]
开始处理场景: 003ac11d-2abc-44f8-9836-4354e7dfa543
 24%|██▎       | 4/17 [13:15<49:36, 228.99s/it]
开始处理场景: 0054adcb-f48f-4d52-b198-321fd078caa4
 29%|██▉       | 5/17 [14:13<33:28, 167.38s/it]
开始处理场景: 0071fae9-a2ce-481e-8a37-a2d307e1213d
 35%|███▌      | 6/17 [18:22<35:47, 195.19s/it]
开始处理场景: 007e1443-462a-4dae-b47c-44cfc6a5a41d
 41%|████      | 7/17 [19:49<26:38, 159.86s/it]
开始处理场景: 008f0372-b7d0-485f-8d3e-f686dcb68d4f
 47%|████▋     | 8/17 [22:02<22:39, 151.11s/it]
开始处理场景: 00add26c-7a26-4a61-b192-b97aa493b3f3
 53%|█████▎    | 9/17 [23:31<17:34, 131.82s/it]
开始处理场景: 00de1e24-ab10-4aef-bb72-130ca18d017c
 59%|█████▉    | 10/17 [25:08<14:06, 120.98s/it]
开始处理场景: 00fc9d81-7397-4578-a865-920c4d89b44b
 65%|██████▍   | 11/17 [29:06<15:40, 156.77s/it]
开始处理场景: 011b264d-e2ef-426a-a4d5-d99de5bc68e2
