  0%|          | 0/16 [00:00<?, ?it/s]
开始处理场景: 00110bde-f580-40be-b8bb-88715b338a2a
  6%|▋         | 1/16 [02:13<33:27, 133.85s/it]
开始处理场景: 0023b7d1-1439-4e5c-9c7b-c34f155ee856
 12%|█▎        | 2/16 [04:00<27:29, 117.79s/it]
开始处理场景: 0032b185-4914-49e5-b973-f82271674308
 19%|█▉        | 3/16 [06:46<30:20, 140.04s/it]
开始处理场景: 0047c3ab-951b-4182-9082-b9fbf099c142
 25%|██▌       | 4/16 [09:39<30:35, 152.93s/it]
开始处理场景: 00593e46-062e-4bdd-8ee9-1043387c40f4
 31%|███▏      | 5/16 [10:32<21:26, 116.98s/it]
开始处理场景: 00766588-c1d9-4039-ba22-a7e037c929b9
 38%|███▊      | 6/16 [15:53<31:01, 186.18s/it]
开始处理场景: 00808820-c206-4cc8-98a5-6b7d2ff364af
 44%|████▍     | 7/16 [21:59<36:43, 244.87s/it]
开始处理场景: 009ccdf2-5f3f-46e7-a562-10da2b2e3bb9
 50%|█████     | 8/16 [24:44<29:16, 219.54s/it]
开始处理场景: 00b88e19-d106-4ab8-a322-31c494a0a6b9
 56%|█████▋    | 9/16 [29:00<26:57, 231.12s/it]
开始处理场景: 00ecd021-64bb-4bc4-b754-1796d2a12965
 62%|██████▎   | 10/16 [30:34<18:51, 188.56s/it]
开始处理场景: 00fe8139-76e8-42b4-bb41-7f9f085ac351
 69%|██████▉   | 11/16 [33:35<15:31, 186.23s/it]
开始处理场景: 011da194-aa84-4a98-bf9a-afd18357819a
 75%|███████▌  | 12/16 [35:28<10:56, 164.05s/it]
开始处理场景: 0156308f-fe4e-4916-90c3-9f498c0d9e9c
 81%|████████▏ | 13/16 [38:01<08:02, 160.76s/it]
开始处理场景: 01655258-a4b1-45ff-b16d-bae0ffb189c7
 88%|████████▊ | 14/16 [41:02<05:33, 166.95s/it]
开始处理场景: 01805656-e66f-44b1-8bc1-5e722fff3fff
 94%|█████████▍| 15/16 [44:53<03:06, 186.06s/it]
开始处理场景: 01861393-3d82-4926-af4c-e2d29c6d0c0b
100%|██████████| 16/16 [51:18<00:00, 246.03s/it]100%|██████████| 16/16 [51:18<00:00, 192.41s/it]
