  0%|          | 0/17 [00:00<?, ?it/s]
开始处理场景: 00004f89-9aa5-43c2-ae3c-129586be8aaa
  6%|▌         | 1/17 [01:34<25:04, 94.03s/it]
开始处理场景: 00154c06-2ee2-408a-9664-b8fd74742897
 12%|█▏        | 2/17 [05:39<45:42, 182.84s/it]
开始处理场景: 002c110c-9bbc-4ab4-affa-4225fb127bad
 18%|█▊        | 3/17 [12:11<1:04:58, 278.43s/it]
开始处理场景: 00337f71-5f56-4d82-8848-b8d194a27d4e
 24%|██▎       | 4/17 [13:01<40:47, 188.23s/it]  
开始处理场景: 004f900c-468a-4f70-83cc-aa2c98875264
 29%|██▉       | 5/17 [14:56<32:23, 161.93s/it]
开始处理场景: 0071b16d-ed1c-498f-9fd6-74e3f8aa2fb6
 35%|███▌      | 6/17 [15:41<22:25, 122.29s/it]
开始处理场景: 007c0c17-cd85-400a-bdf0-80f0e1eefe2d
 41%|████      | 7/17 [17:42<20:17, 121.71s/it]
开始处理场景: 008699e0-8d00-40f3-92b4-72347fa892c1
 47%|████▋     | 8/17 [18:06<13:37, 90.80s/it] 
开始处理场景: 00ad8345-45e0-45b3-867d-4a3c88c2517a
 53%|█████▎    | 9/17 [21:23<16:31, 123.95s/it]
开始处理场景: 00c0c75e-1c12-46b3-9fc8-0561b1b1b510
 59%|█████▉    | 10/17 [22:29<12:21, 105.95s/it]
开始处理场景: 00ecd5d3-d369-459f-8300-38fc159823dc
 65%|██████▍   | 11/17 [26:01<13:50, 138.38s/it]
开始处理场景: 0106f9d2-5779-457b-9b8b-72942373d42e
 71%|███████   | 12/17 [28:29<11:47, 141.40s/it]
开始处理场景: 013d6a38-6fa2-4e16-9903-53921f86114a
 76%|███████▋  | 13/17 [29:34<07:52, 118.10s/it]
开始处理场景: 015c0c73-e5fd-447d-9919-acf4786db46a
 82%|████████▏ | 14/17 [31:30<05:52, 117.43s/it]
开始处理场景: 016ce52b-8b1b-4d1d-b257-29fd76fbbb38
 88%|████████▊ | 15/17 [35:48<05:20, 160.08s/it]
开始处理场景: 0182566d-2912-4bc1-bd74-70a4e04eb67d
 94%|█████████▍| 16/17 [39:05<02:50, 170.94s/it]
开始处理场景: 018d9d83-0ca1-427a-8388-fcd0cab365e6
100%|██████████| 17/17 [40:33<00:00, 146.13s/it]100%|██████████| 17/17 [40:33<00:00, 143.15s/it]
